FTM/USDT will go below 0.25 in 3 weeks
AXS/USDT will exceed 55 in 3 weeks
MANA/USDT will exceed 10 by end of year
XRP/USDT will exceed 3 in 1 months
BTC/USDT will go below 37k in 2 days
BTC/USDT will exceed 47280 in 1 weeks
AXS/USDT will exceed 54 in 3 weeks
RUNE/USDT will exceed 50 by end of year
ThinkingBitmex predicts that BTC/USDT >= 45k in 2 weeks, being wrong if BTC/USDT <= 30k in 2 weeks
BTC/USDT will go below 37k in 1 weeks
BTC/USDT will exceed 69k by 1656633600
AXS/USDT will exceed 100 by end of month
BTC/USDT will hit 100k by end of year
BTC/USDT will go below 25k in 2 months
BTC/USDT (on COINBASE) will exceed 31.2k in 1 days
AXS/USDT will exceed 100 by end of year
ADA/USDT will go below 0.845 in 4 days
BTC/USDT will exceed 66k in 2 months
BTC/USD (on COINBASE) will exceed 46k in 3 weeks
GMT/USDT will go below 0.7 in 1 weeks
BTC/USDT will go below 23k in 1 months
APE/USDT will exceed 100 in 3 days
BTC/USDT will exceed 37.5k in 2 weeks
ETH/USDT will go below 2770 in 3 days
The Moon predicts that BTC/USDT >= 100k by end of year, unless BTC/USDT <= 30k by end of year in which case all bets are off
CryptoCapo_ predicts that ETH/USDT (on COINBASE) BETWEEN 1.1k AND 1.3k in 3 months
BTC/USDT will exceed 47k in 1 days
CryptoBull predicts that BTC/USDT <= 14k by end of year and ETH/USDT <= 0.6k by end of year and DOGE/USDT <= 10 by end of year
APE/USDT will exceed 35 by end of day
trader1sz predicts that BTC/USDT BETWEEN 35.3k AND 35.7k in 2 weeks
AVAX/USDT will go below 64.5 in 1 weeks
APE/USDT will exceed 35 by end of day
ETH/USDT will go below 2250 in 2 weeks
VET/ETH will exceed 0.000175 in 7 months
BTC/USDT will exceed 58k in 6 months
CryptoCapo_ predicts that ADA/USD (on COINBASE) BETWEEN 0.45 AND 0.5 in 1 months
BTC/USDT will go below 36.4k in 3 days
LUNA/USDT will exceed 140 in 3 weeks
SOL/USDT will go below 50 in 3 weeks
BTC/USDT will exceed 50k by end of month
BTC/USDT (on COINBASE) will go below 29k in 3 weeks
BTC/USDT will go below 29k in 1 weeks
BTC/USDT will go below 30k in 3 months
BTC/USDT will exceed 45k in 1 days
BTC/USDT will go below 17k in 2 weeks
ADA/USDT will exceed 15 by end of year
LUNA/USDT will exceed 1k by end of year
BTC/USDT will go below 30k in 3 weeks
CVP/USDT will exceed 3 by 1664582400
BTC/USDT will exceed 50k by end of month
BTC/USDT will go below 10k in 3 months
HTR/USDT (on KUCOIN) will go below 0.3 in 4 weeks
BTC/USDT will go below 32k in 2 weeks
BTC/USDT will exceed 100k by 1659312000
BTC/USDT will exceed 100k by end of year
SOL/USDT will go below 20 in 1 months
BTC/USDT will exceed 100k in 9 months
APE/USDT will exceed 100 in 5 days
trader1sz predicts that CRO/USDT (on KUCOIN) <= 0.08 by end of year, unless CRO/USDT (on KUCOIN) >= 0.227 by end of year in which case all bets are off
ETH/USDT will go below 2k in 3 weeks
BTC/USDT will fall to 41k in 72 hours
ADA/USD (on COINBASE) will go below 0.57970633 in 1 days
BTC/USD (on COINBASE) will exceed 30.7k in 1 days
ALGO/USDT will go below 0.18 in 2 months
APE/USDT will exceed 100 by end of next year
APE/USDT will exceed 20k in 4 weeks
ADA/USDT will exceed 5 by end of year
BTC/USDT will exceed 60k by end of next month
DOT/USDT will go below 10.01 in 2 days
BTC/USDT will exceed 50k by end of month
TRX/USDT will go below 0.038 in 1 months
BTC/USDT will exceed 63k in 2 months
ETH/USDT (on COINBASE) will go below 1.3k in 2 months
ETH/USDT will go below 1.6k in 1 days
BTC/USDT will exceed 100k by end of year
CRO/USDT (on KUCOIN) will go below 0.085 in 3 months
Nicholas_Merten predicts that ETH's MarketCap > BTC's MarketCap by 2023-01-01T00:00:00Z 
BTC/USDT will go below 28k in 1 months
SOL/USDT (on FTX) will go below 30 in 1 months
BTC/USDT will go below 23k in 1 weeks
RUNE/USDT will go below 1.0942577 in 2 months
BTC/USDT will exceed 40k by end of day
AXS/USDT will exceed 0.2k by end of next year
Tulga888 predicts that LUNA/USDT >= 100 in 3 months and AVAX/USDT >= 100 in 3 months and SOL/USDT >= 100 in 3 months
BTC/USDT will exceed 100k by end of year
ETH/USDT will exceed 10k in 6 months
IncomeSharks predicts that ATOM/USDT (on COINBASE) >= 14.301 by end of year, unless ATOM/USDT (on COINBASE) <= 10.597 by end of year in which case all bets are off
BTC/USDT will go below 23k in 1 months
APE/USDT will exceed 30 in 2 weeks
BTC/USDT will exceed 55k by end of next month
BTC/USDT will exceed 100k by end of year
LUNA/USDT will go below 68 in 4 weeks
BTC/USDT will exceed 150k by end of year
BTC/USDT will go below 24336 in 1 days
ADA/USDT will exceed 2 by end of year
BTC/USDT will go below 35k in 3 weeks
CryptoCapo_ predicts that, given that BTC/USDT <= 35k in 2 weeks, unless BTC/USDT >= 40k in 2 weeks in which case all bets are off, then BTC/USDT <= 30k in 2 weeks
FTM/USDT (on KUCOIN) will go below 0.89 in 1 months
SOL/USDT will go below 50.5 in 3 days
ETH/USDT will go below 1720 in 2 weeks
AVAX/USDT will go below 3.02 in 2 months
CRO/USDT (on KUCOIN) will go below 0.08 in 2 days
CRO/USDT (on KUCOIN) will go below 0.05 in 3 days
CRO/USDT (on KUCOIN) will go below 0.08 in 3 days
AXS/USDT will exceed 100 by end of day
George1Trader predicts that BTC/USDT >= 55k in 3 weeks, unless BTC/USDT <= 36k in 3 weeks in which case all bets are off
BTC/USDT will go below 22k in 3 months
wolf_of_defi predicts that UST's MarketCap > BUSD's MarketCap in 4 weeks
BTC/USDT will go below 21.6k in 1 days
GMT/USDT will go below 0.9 in 2 weeks
Trader_XO predicts that BTC/USDT >= 47k by end of year and (NOT BTC/USDT <= 30k by end of year)
TheRealPlanC predicts that, given that ???, then ETH/BTC <= 0.04 in 3 days
CryptoCapo_ predicts that BTC/USDT <= 23k in 3 months and ETH/USDT <= 1.3k in 3 months and ADA/USDT <= 0.45 in 3 months and LUNA/USDT <= 45 in 3 months
FTM/USDT will exceed 10 in 3 months
LUNA/USDT will go below 25 in 1 months
LUNA/USDT will go below 45 in 6 weeks
BTC/USDT will exceed 130k by 1667260800
CryptoCapo_ predicts that ETH/USDT BETWEEN 1.1k AND 1.3k in 2 weeks
BTCfuel predicts that NOT BTC/USDT <= 33k in 3 months
BTC/USDT will go below 21864 in 1 months
LUNA/USDT will go below 45 in 1 weeks
BTC/USDT will exceed 100k by end of year
BTC/USDT will exceed 58k in 3 months
BTC/USDT will exceed 45k in 2 weeks
trader1sz predicts that ETH/USDT BETWEEN 0.8k AND 1.2k in 2 weeks
BTC/USDT will go below 23k in 1 months
CryptoCapo_ predicts that BTC/USDT BETWEEN 28k AND 30k in 2 weeks
SOL/USDT will go below 45 in 2 months
BTC/USDT will go below 35k in 1 weeks
APE/USDT (on KUCOIN) will go below 14 in 1 weeks
FTM/USDT will go below 0.52 in 2 months
BTC/USDT (on COINBASE) will exceed 160k in 6 months
BTC/USDT will go below 40k in 2 weeks
BTC/USDT (on COINBASE) will exceed 160k in 6 months
BTC/USD (on COINBASE) will go below 41k in 3 days
BTC/USD (on COINBASE) will go below 29k in 2 weeks
BTC/USDT (on COINBASE) will exceed 160k in 6 months
ETH/USDT will go below 1.8k in 3 weeks
LINK/USDT will go below 5.2 in 2 months
BTC/USDT will go below 33.5k in 1 months
BTC/USDT will go below 38k in 4 days
SAND/USDT will go below 1 in 1 months
BTC/USDT will go below 23k in 1 months
BTC/USDT will exceed 100k by end of year
BTC/USDT will exceed 100k in 31 days
trader1sz predicts that SOL/USDT >= 165 by end of year, unless SOL/USDT <= 124 by end of year in which case all bets are off
SOL/USDT will exceed 167.53 in 1 weeks
CRV/USDT will exceed 3.5 in 1 months
BTC/USDT will go below 29k in 48 hours
XAVA/USDT (on KUCOIN) will exceed 11 in 1 weeks
BTC/USDT will go below 44.5k in 2 days
BTC/USDT will exceed 59k in 1 months
ETH/USDT will go below 1314 in 4 months
LUNA/USDT will go below 45 in 1 months
BTC/USDT will exceed 100k by end of year
BTC/USDT will exceed 70k in 60 days
BTC/USDT will exceed 50k in 6 days
BTC/USDT will go below 23k in 1 months
BTC/USDT will exceed 47k by end of next day
BTC/USDT will exceed 120k by end of year
XRP/USDT will exceed 1.13 in 1 months
BTC/USDT will exceed 50k in 7 days
BTC/USDT will exceed 100k by end of year
BTC/USDT will exceed 50k by end of month
BTC/USDT (on COINBASE) will exceed 48k in 1 months
BTC/USDT (on COINBASE) will exceed 32769.24 in 2 weeks
BTC/USDT will exceed 70k in 3 months
ETH/USD (on COINBASE) will exceed 5325.33 in 4 months
BTC/USDT will exceed 24377 in 1 days
ETH/BTC will go below 0.055 in 1 months
BTC/USDT will exceed 70k in 4 months
BTC/USDT will exceed 69.5k by 1656633600
ETH/USDT will go below 1.3k in 1 months
BTC/USDT will exceed 100k by end of month
Crypto__emily predicts that BTC/USDT >= 100k by end of year and ETH/USDT >= 10k by end of year
IncomeSharks predicts that ATOM/USD (on COINBASE) >= 10.844 in 1 days, unless ATOM/USD (on COINBASE) <= 10.2 in 1 days in which case all bets are off
trader1sz predicts that CRO/USDT (on KUCOIN) <= 0.08 in 1 weeks, unless CRO/USDT (on KUCOIN) >= 0.227 in 1 weeks in which case all bets are off
IncomeSharks predicts that BTC/USDT >= 38995.55 in 2 days, unless BTC/USDT <= 37498 in 2 days in which case all bets are off
BTC/USDT will exceed 30k in 2 days
BTC/USDT will go below 23k in 1 weeks
RUNE/USDT will exceed 100 by end of year
SAND/USDT will go below 0.65 in 1 months
askthedr predicts that NOT BTC/USDT >= 60k in 24 months
BTC/USDT will go below 23k in 1 months
ALGO/USD (on COINBASE) will go below 0.37 in 1 days
rovercrc predicts that BTC/USDT >= 100k by end of year and ETH/USDT >= 10k by end of year
trader1sz predicts that BTC/USDT >= 35040 by end of year, unless BTC/USDT <= 31k by end of year in which case all bets are off
IncomeSharks predicts that BTC/USDT >= 34k by end of year, unless BTC/USDT <= 28989 by end of year in which case all bets are off
BTC/USDT will go below 29.8k in 1 days
BTC/USDT will go below 28k in 1 weeks
ETH/BTC will go below 0.0375 by end of year
FTM/USDT will exceed 10 by end of year
trader1sz predicts that CRO/USDT (on KUCOIN) <= 0.08 by end of year, unless CRO/USDT (on KUCOIN) >= 0.227 by end of year in which case all bets are off
BTC/USDT will exceed 60k in 40 days
trader1sz predicts that BTC/USDT <= 24450 by end of year, unless BTC/USDT >= 30.6k by end of year in which case all bets are off
